// Jest Snapshot v1, https://goo.gl/fbAQLP

exports[`AcceleratorMetadata Construct(AcceleratorMetadata):  Snapshot Test 1`] = `
Object {
  "Resources": Object {
    "AcceleratorMetadataMetadataLambdaC27FFAF6": Object {
      "Properties": Object {
        "AssumeRolePolicyDocument": Object {
          "Statement": Array [
            Object {
              "Action": "sts:AssumeRole",
              "Effect": "Allow",
              "Principal": Object {
                "Service": "lambda.amazonaws.com",
              },
            },
          ],
          "Version": "2012-10-17",
        },
        "RoleName": Object {
          "Fn::Join": Array [
            "",
            Array [
              "test-",
              Object {
                "Ref": "AWS::AccountId",
              },
              "-",
              Object {
                "Ref": "AWS::Region",
              },
              "-metadata-lambda-role",
            ],
          ],
        },
      },
      "Type": "AWS::IAM::Role",
    },
    "AcceleratorMetadataMetadataLambdaDefaultPolicy03C222B6": Object {
      "Metadata": Object {
        "cdk_nag": Object {
          "rules_to_suppress": Array [
            Object {
              "id": "AwsSolutions-IAM5",
              "reason": "accelerator metadata collection custom resource",
            },
          ],
        },
      },
      "Properties": Object {
        "PolicyDocument": Object {
          "Statement": Array [
            Object {
              "Action": Array [
                "codepipeline:GetPipelineExecution",
                "codepipeline:ListPipelineExecutions",
                "codecommit:GetFolder",
                "codecommit:GetFile",
                "kms:DescribeKey",
                "kms:Decrypt",
                "kms:Encrypt",
                "kms:ReEncrypt*",
                "kms:GenerateDataKey*",
                "kms:ListAliases",
                "logs:CreateLogGroup",
                "logs:CreateLogStream",
                "logs:PutLogEvents",
                "organizations:DescribeOrganizationalUnit",
                "organizations:DescribeAccount",
                "organizations:ListAccounts",
                "organizations:ListChildren",
                "organizations:ListOrganizationalUnitsForParent",
                "organizations:ListParents",
                "organizations:ListRoots",
                "ssm:GetParameter",
                "sts:AssumeRole",
              ],
              "Effect": "Allow",
              "Resource": "*",
            },
            Object {
              "Action": Array [
                "s3:GetObject*",
                "s3:GetBucket*",
                "s3:List*",
                "s3:DeleteObject*",
                "s3:PutObjectAcl",
                "s3:PutObject",
                "s3:PutObjectLegalHold",
                "s3:PutObjectRetention",
                "s3:PutObjectTagging",
                "s3:PutObjectVersionTagging",
                "s3:Abort*",
              ],
              "Effect": "Allow",
              "Resource": Array [
                Object {
                  "Fn::Join": Array [
                    "",
                    Array [
                      "arn:",
                      Object {
                        "Ref": "AWS::Partition",
                      },
                      ":s3:::testMetadataLogBucket",
                    ],
                  ],
                },
                Object {
                  "Fn::Join": Array [
                    "",
                    Array [
                      "arn:",
                      Object {
                        "Ref": "AWS::Partition",
                      },
                      ":s3:::testMetadataLogBucket/*",
                    ],
                  ],
                },
              ],
            },
          ],
          "Version": "2012-10-17",
        },
        "PolicyName": "AcceleratorMetadataMetadataLambdaDefaultPolicy03C222B6",
        "Roles": Array [
          Object {
            "Ref": "AcceleratorMetadataMetadataLambdaC27FFAF6",
          },
        ],
      },
      "Type": "AWS::IAM::Policy",
    },
    "AcceleratorMetadataTestMetadataCollectionRule5267BEAF": Object {
      "Properties": Object {
        "Name": "test-metadata-collection-rule",
        "ScheduleExpression": "rate(1 day)",
        "State": "ENABLED",
        "Targets": Array [
          Object {
            "Arn": Object {
              "Fn::GetAtt": Array [
                "AcceleratorMetadatatestmetadatacollection66BD983B",
                "Arn",
              ],
            },
            "Id": "Target0",
          },
        ],
      },
      "Type": "AWS::Events::Rule",
    },
    "AcceleratorMetadataTestMetadataCollectionRuleAllowEventRuleAcceleratorMetadatatestmetadatacollection9A57BB5ABC996B82": Object {
      "Properties": Object {
        "Action": "lambda:InvokeFunction",
        "FunctionName": Object {
          "Fn::GetAtt": Array [
            "AcceleratorMetadatatestmetadatacollection66BD983B",
            "Arn",
          ],
        },
        "Principal": "events.amazonaws.com",
        "SourceArn": Object {
          "Fn::GetAtt": Array [
            "AcceleratorMetadataTestMetadataCollectionRule5267BEAF",
            "Arn",
          ],
        },
      },
      "Type": "AWS::Lambda::Permission",
    },
    "AcceleratorMetadatatestmetadatacollection66BD983B": Object {
      "DependsOn": Array [
        "AcceleratorMetadataMetadataLambdaDefaultPolicy03C222B6",
        "AcceleratorMetadataMetadataLambdaC27FFAF6",
        "testmetadatacollectionLogGroup821A8456",
      ],
      "Properties": Object {
        "Code": Object {
          "S3Bucket": Object {
            "Fn::Sub": "cdk-hnb659fds-assets-\${AWS::AccountId}-\${AWS::Region}",
          },
          "S3Key": "REPLACED-GENERATED-NAME.zip",
        },
        "Environment": Object {
          "Variables": Object {
            "ACCELERATOR_PREFIX": "test",
            "CENTRAL_LOG_BUCKET": "centralLogBucketTest",
            "CONFIG_REPOSITORY_NAME": "aws-config-test",
            "CROSS_ACCOUNT_ROLE": "testRole",
            "ELB_LOGGING_BUCKET": "elbLogBucketNameTest",
            "GLOBAL_REGION": "us-east-1",
            "LOG_ACCOUNT_ID": "111111111111",
            "METADATA_BUCKET": "testMetadataLogBucket",
            "ORGANIZATION_ID": "ou-test123",
            "PARTITION": Object {
              "Ref": "AWS::Partition",
            },
          },
        },
        "FunctionName": "test-metadata-collection",
        "Handler": "index.handler",
        "Role": Object {
          "Fn::GetAtt": Array [
            "AcceleratorMetadataMetadataLambdaC27FFAF6",
            "Arn",
          ],
        },
        "Runtime": "nodejs14.x",
        "Timeout": 600,
      },
      "Type": "AWS::Lambda::Function",
    },
    "CustomKey1E6D0D07": Object {
      "DeletionPolicy": "Retain",
      "Properties": Object {
        "KeyPolicy": Object {
          "Statement": Array [
            Object {
              "Action": "kms:*",
              "Effect": "Allow",
              "Principal": Object {
                "AWS": Object {
                  "Fn::Join": Array [
                    "",
                    Array [
                      "arn:",
                      Object {
                        "Ref": "AWS::Partition",
                      },
                      ":iam::",
                      Object {
                        "Ref": "AWS::AccountId",
                      },
                      ":root",
                    ],
                  ],
                },
              },
              "Resource": "*",
            },
          ],
          "Version": "2012-10-17",
        },
      },
      "Type": "AWS::KMS::Key",
      "UpdateReplacePolicy": "Retain",
    },
    "testmetadatacollectionLogGroup821A8456": Object {
      "DeletionPolicy": "Delete",
      "Properties": Object {
        "KmsKeyId": Object {
          "Fn::GetAtt": Array [
            "CustomKey1E6D0D07",
            "Arn",
          ],
        },
        "LogGroupName": "/aws/lambda/test-metadata-collection",
        "RetentionInDays": 3653,
      },
      "Type": "AWS::Logs::LogGroup",
      "UpdateReplacePolicy": "Delete",
    },
  },
}
`;
