// Jest Snapshot v1, https://goo.gl/fbAQLP

exports[`DeleteDefaultSGRules Construct(DeleteDefaultSGRules):  Snapshot Test 1`] = `
Object {
  "Resources": Object {
    "CustomDeleteDefaultSecurityGroupRulesCustomResourceProviderHandler0579558F": Object {
      "DependsOn": Array [
        "CustomDeleteDefaultSecurityGroupRulesCustomResourceProviderRole7BAE247B",
      ],
      "Properties": Object {
        "Code": Object {
          "S3Bucket": Object {
            "Fn::Sub": "cdk-hnb659fds-assets-\${AWS::AccountId}-\${AWS::Region}",
          },
          "S3Key": "REPLACED-GENERATED-NAME.zip",
        },
        "Handler": "__entrypoint__.handler",
        "MemorySize": 128,
        "Role": Object {
          "Fn::GetAtt": Array [
            "CustomDeleteDefaultSecurityGroupRulesCustomResourceProviderRole7BAE247B",
            "Arn",
          ],
        },
        "Runtime": "nodejs14.x",
        "Timeout": 900,
      },
      "Type": "AWS::Lambda::Function",
    },
    "CustomDeleteDefaultSecurityGroupRulesCustomResourceProviderLogGroup36ABE46B": Object {
      "DeletionPolicy": "Delete",
      "Properties": Object {
        "KmsKeyId": Object {
          "Fn::GetAtt": Array [
            "testKey1CDDDD5E",
            "Arn",
          ],
        },
        "LogGroupName": Object {
          "Fn::Join": Array [
            "",
            Array [
              "/aws/lambda/",
              Object {
                "Ref": "CustomDeleteDefaultSecurityGroupRulesCustomResourceProviderHandler0579558F",
              },
            ],
          ],
        },
        "RetentionInDays": 3653,
      },
      "Type": "AWS::Logs::LogGroup",
      "UpdateReplacePolicy": "Delete",
    },
    "CustomDeleteDefaultSecurityGroupRulesCustomResourceProviderRole7BAE247B": Object {
      "Properties": Object {
        "AssumeRolePolicyDocument": Object {
          "Statement": Array [
            Object {
              "Action": "sts:AssumeRole",
              "Effect": "Allow",
              "Principal": Object {
                "Service": "lambda.amazonaws.com",
              },
            },
          ],
          "Version": "2012-10-17",
        },
        "ManagedPolicyArns": Array [
          Object {
            "Fn::Sub": "arn:\${AWS::Partition}:iam::aws:policy/service-role/AWSLambdaBasicExecutionRole",
          },
        ],
        "Policies": Array [
          Object {
            "PolicyDocument": Object {
              "Statement": Array [
                Object {
                  "Action": Array [
                    "ec2:DescribeSecurityGroups",
                    "ec2:RevokeSecurityGroupIngress",
                    "ec2:RevokeSecurityGroupEgress",
                  ],
                  "Effect": "Allow",
                  "Resource": "*",
                },
              ],
              "Version": "2012-10-17",
            },
            "PolicyName": "Inline",
          },
        ],
      },
      "Type": "AWS::IAM::Role",
    },
    "DeleteDefaultSGRulesD2F7FF67": Object {
      "DeletionPolicy": "Delete",
      "DependsOn": Array [
        "CustomDeleteDefaultSecurityGroupRulesCustomResourceProviderLogGroup36ABE46B",
      ],
      "Properties": Object {
        "ServiceToken": Object {
          "Fn::GetAtt": Array [
            "CustomDeleteDefaultSecurityGroupRulesCustomResourceProviderHandler0579558F",
            "Arn",
          ],
        },
        "uuid": "REPLACED-UUID",
        "vpcId": "vpc-123",
      },
      "Type": "Custom::DeleteDefaultSecurityGroupRules",
      "UpdateReplacePolicy": "Delete",
    },
    "testKey1CDDDD5E": Object {
      "DeletionPolicy": "Retain",
      "Properties": Object {
        "KeyPolicy": Object {
          "Statement": Array [
            Object {
              "Action": "kms:*",
              "Effect": "Allow",
              "Principal": Object {
                "AWS": Object {
                  "Fn::Join": Array [
                    "",
                    Array [
                      "arn:",
                      Object {
                        "Ref": "AWS::Partition",
                      },
                      ":iam::",
                      Object {
                        "Ref": "AWS::AccountId",
                      },
                      ":root",
                    ],
                  ],
                },
              },
              "Resource": "*",
            },
          ],
          "Version": "2012-10-17",
        },
      },
      "Type": "AWS::KMS::Key",
      "UpdateReplacePolicy": "Retain",
    },
  },
}
`;
