// Jest Snapshot v1, https://goo.gl/fbAQLP

exports[`VpcEndpoint Construct(VpcEndpoint):  Snapshot Test 1`] = `
Object {
  "Resources": Object {
    "TestSecurityGroupDA4B5F83": Object {
      "Properties": Object {
        "GroupDescription": "AWS Private Endpoint Zone",
        "GroupName": "TestSecurityGroup",
        "Tags": Array [
          Object {
            "Key": "Name",
            "Value": "TestSecurityGroup",
          },
        ],
        "VpcId": "Test",
      },
      "Type": "AWS::EC2::SecurityGroup",
    },
    "VpcEndpoint80208C18": Object {
      "Properties": Object {
        "PolicyDocument": Object {
          "Statement": Array [
            Object {
              "Action": "*",
              "Condition": Object {
                "StringEquals": Object {
                  "aws:PrincipalOrgID": Array [
                    "organizationId",
                  ],
                },
              },
              "Effect": "Allow",
              "Principal": Object {
                "AWS": "*",
              },
              "Resource": "*",
              "Sid": "AccessToTrustedPrincipalsAndResources",
            },
          ],
          "Version": "2012-10-17",
        },
        "RouteTableIds": Array [
          "Test1",
          "Test2",
        ],
        "ServiceName": Object {
          "Fn::Join": Array [
            "",
            Array [
              "com.amazonaws.",
              Object {
                "Ref": "AWS::Region",
              },
              ".service",
            ],
          ],
        },
        "VpcId": "Test",
      },
      "Type": "AWS::EC2::VPCEndpoint",
    },
    "VpcEndpointInterfaceEc21C025642": Object {
      "Properties": Object {
        "PolicyDocument": Object {
          "Statement": Array [
            Object {
              "Action": "*",
              "Condition": Object {
                "StringEquals": Object {
                  "aws:PrincipalOrgID": Array [
                    "organizationId",
                  ],
                },
              },
              "Effect": "Allow",
              "Principal": Object {
                "AWS": "*",
              },
              "Resource": "*",
              "Sid": "AccessToTrustedPrincipalsAndResources",
            },
          ],
          "Version": "2012-10-17",
        },
        "PrivateDnsEnabled": true,
        "SecurityGroupIds": Array [
          Object {
            "Ref": "TestSecurityGroupDA4B5F83",
          },
        ],
        "ServiceName": "ec2",
        "SubnetIds": Array [
          "Test1",
          "Test2",
        ],
        "VpcEndpointType": "Interface",
        "VpcId": "Test",
      },
      "Type": "AWS::EC2::VPCEndpoint",
    },
    "VpcEndpointInterfaceGwlb3F654CE2": Object {
      "Properties": Object {
        "ServiceName": Object {
          "Fn::Join": Array [
            "",
            Array [
              "com.amazonaws.vpce.",
              Object {
                "Ref": "AWS::Region",
              },
              ".ec2",
            ],
          ],
        },
        "SubnetIds": Array [
          "Test1",
          "Test2",
        ],
        "VpcEndpointType": "GatewayLoadBalancer",
        "VpcId": "Test",
      },
      "Type": "AWS::EC2::VPCEndpoint",
    },
    "VpcEndpointInterfaceS343EF5B95": Object {
      "Properties": Object {
        "PolicyDocument": Object {
          "Statement": Array [
            Object {
              "Action": "*",
              "Condition": Object {
                "StringEquals": Object {
                  "aws:PrincipalOrgID": Array [
                    "organizationId",
                  ],
                },
              },
              "Effect": "Allow",
              "Principal": Object {
                "AWS": "*",
              },
              "Resource": "*",
              "Sid": "AccessToTrustedPrincipalsAndResources",
            },
          ],
          "Version": "2012-10-17",
        },
        "PrivateDnsEnabled": true,
        "SecurityGroupIds": Array [
          Object {
            "Ref": "TestSecurityGroupDA4B5F83",
          },
        ],
        "ServiceName": "com.aws.s3-global.accesspoint",
        "SubnetIds": Array [
          "Test1",
          "Test2",
        ],
        "VpcEndpointType": "Interface",
        "VpcId": "Test",
      },
      "Type": "AWS::EC2::VPCEndpoint",
    },
    "VpcEndpointInterfaceSagemaker70CE2242": Object {
      "Properties": Object {
        "PolicyDocument": Object {
          "Statement": Array [
            Object {
              "Action": "*",
              "Condition": Object {
                "StringEquals": Object {
                  "aws:PrincipalOrgID": Array [
                    "organizationId",
                  ],
                },
              },
              "Effect": "Allow",
              "Principal": Object {
                "AWS": "*",
              },
              "Resource": "*",
              "Sid": "AccessToTrustedPrincipalsAndResources",
            },
          ],
          "Version": "2012-10-17",
        },
        "PrivateDnsEnabled": true,
        "SecurityGroupIds": Array [
          Object {
            "Ref": "TestSecurityGroupDA4B5F83",
          },
        ],
        "ServiceName": Object {
          "Fn::Join": Array [
            "",
            Array [
              "aws.sagemaker.",
              Object {
                "Ref": "AWS::Region",
              },
              ".notebook",
            ],
          ],
        },
        "SubnetIds": Array [
          "Test1",
          "Test2",
        ],
        "VpcEndpointType": "Interface",
        "VpcId": "Test",
      },
      "Type": "AWS::EC2::VPCEndpoint",
    },
    "VpcEndpointid71FBEB7E": Object {
      "Properties": Object {
        "DestinationCidrBlock": "10.100.0.0/16",
        "RouteTableId": "routeTableId",
        "VpcEndpointId": Object {
          "Ref": "VpcEndpoint80208C18",
        },
      },
      "Type": "AWS::EC2::Route",
    },
  },
}
`;
