// Jest Snapshot v1, https://goo.gl/fbAQLP

exports[`NetworkPrepStack Construct(NetworkPrepStack):  Snapshot Test 1`] = `
Object {
  "Resources": Object {
    "AcceleratorKeyLookup0C18DA36": Object {
      "DeletionPolicy": "Delete",
      "DependsOn": Array [
        "CustomSsmGetParameterValueCustomResourceProviderLogGroup780D220D",
      ],
      "Properties": Object {
        "ServiceToken": Object {
          "Fn::GetAtt": Array [
            "CustomSsmGetParameterValueCustomResourceProviderHandlerAAD0E7EE",
            "Arn",
          ],
        },
        "assumeRoleArn": Object {
          "Fn::Join": Array [
            "",
            Array [
              "arn:",
              Object {
                "Ref": "AWS::Partition",
              },
              ":iam::222222222222:role/AWSAccelerator-CrossAccount-SsmParameter-Role",
            ],
          ],
        },
        "invokingAccountID": "333333333333",
        "parameterAccountID": "222222222222",
        "parameterName": "/accelerator/kms/key-arn",
        "region": "us-east-1",
      },
      "Type": "Custom::SsmGetParameterValue",
      "UpdateReplacePolicy": "Delete",
    },
    "CoreTransitGatewayRouteTableD73AD6A9": Object {
      "Properties": Object {
        "Tags": Array [
          Object {
            "Key": "Name",
            "Value": "core",
          },
        ],
        "TransitGatewayId": Object {
          "Ref": "MainTransitGateway66204EF2",
        },
      },
      "Type": "AWS::EC2::TransitGatewayRouteTable",
    },
    "CustomSsmGetParameterValueCustomResourceProviderHandlerAAD0E7EE": Object {
      "DependsOn": Array [
        "CustomSsmGetParameterValueCustomResourceProviderRoleB3AFDDB2",
      ],
      "Properties": Object {
        "Code": Object {
          "S3Bucket": "cdk-hnb659fds-assets-333333333333-us-east-1",
          "S3Key": "1cd3b5004f506f3f38fb48c80c9b452b94c5e1b2f1e54f0ad99a27e8f47cbe49.zip",
        },
        "Handler": "__entrypoint__.handler",
        "MemorySize": 128,
        "Role": Object {
          "Fn::GetAtt": Array [
            "CustomSsmGetParameterValueCustomResourceProviderRoleB3AFDDB2",
            "Arn",
          ],
        },
        "Runtime": "nodejs14.x",
        "Timeout": 900,
      },
      "Type": "AWS::Lambda::Function",
    },
    "CustomSsmGetParameterValueCustomResourceProviderLogGroup780D220D": Object {
      "DeletionPolicy": "Delete",
      "Properties": Object {
        "LogGroupName": Object {
          "Fn::Join": Array [
            "",
            Array [
              "/aws/lambda/",
              Object {
                "Ref": "CustomSsmGetParameterValueCustomResourceProviderHandlerAAD0E7EE",
              },
            ],
          ],
        },
        "RetentionInDays": 365,
      },
      "Type": "AWS::Logs::LogGroup",
      "UpdateReplacePolicy": "Delete",
    },
    "CustomSsmGetParameterValueCustomResourceProviderRoleB3AFDDB2": Object {
      "Properties": Object {
        "AssumeRolePolicyDocument": Object {
          "Statement": Array [
            Object {
              "Action": "sts:AssumeRole",
              "Effect": "Allow",
              "Principal": Object {
                "Service": "lambda.amazonaws.com",
              },
            },
          ],
          "Version": "2012-10-17",
        },
        "ManagedPolicyArns": Array [
          Object {
            "Fn::Sub": "arn:\${AWS::Partition}:iam::aws:policy/service-role/AWSLambdaBasicExecutionRole",
          },
        ],
        "Policies": Array [
          Object {
            "PolicyDocument": Object {
              "Statement": Array [
                Object {
                  "Action": Array [
                    "ssm:GetParameters",
                    "ssm:GetParameter",
                    "ssm:DescribeParameters",
                  ],
                  "Effect": "Allow",
                  "Resource": Array [
                    "*",
                  ],
                  "Sid": "SsmGetParameterActions",
                },
                Object {
                  "Action": Array [
                    "sts:AssumeRole",
                  ],
                  "Effect": "Allow",
                  "Resource": Array [
                    Object {
                      "Fn::Join": Array [
                        "",
                        Array [
                          "arn:",
                          Object {
                            "Ref": "AWS::Partition",
                          },
                          ":iam::222222222222:role/AWSAccelerator-CrossAccount-SsmParameter-Role",
                        ],
                      ],
                    },
                  ],
                  "Sid": "StsAssumeRoleActions",
                },
              ],
              "Version": "2012-10-17",
            },
            "PolicyName": "Inline",
          },
        ],
      },
      "Type": "AWS::IAM::Role",
    },
    "MainTransitGateway66204EF2": Object {
      "Properties": Object {
        "AmazonSideAsn": 65521,
        "AutoAcceptSharedAttachments": "enable",
        "DefaultRouteTableAssociation": "disable",
        "DefaultRouteTablePropagation": "disable",
        "DnsSupport": "enable",
        "Tags": Array [
          Object {
            "Key": "Name",
            "Value": "Main",
          },
        ],
        "VpnEcmpSupport": "enable",
      },
      "Type": "AWS::EC2::TransitGateway",
    },
    "MainTransitGatewayShareResourceShare02109087": Object {
      "Properties": Object {
        "Name": "Main_TransitGatewayShare",
        "Principals": Array [
          "Sandbox-arn",
          "222222222222",
        ],
        "ResourceArns": Array [
          Object {
            "Fn::Join": Array [
              "",
              Array [
                "arn:",
                Object {
                  "Ref": "AWS::Partition",
                },
                ":ec2:us-east-1:333333333333:transit-gateway/",
                Object {
                  "Ref": "MainTransitGateway66204EF2",
                },
              ],
            ],
          },
        ],
      },
      "Type": "AWS::RAM::ResourceShare",
    },
    "SegregatedTransitGatewayRouteTableFBA11CE4": Object {
      "Properties": Object {
        "Tags": Array [
          Object {
            "Key": "Name",
            "Value": "segregated",
          },
        ],
        "TransitGatewayId": Object {
          "Ref": "MainTransitGateway66204EF2",
        },
      },
      "Type": "AWS::EC2::TransitGatewayRouteTable",
    },
    "SharedTransitGatewayRouteTableDEC04AD4": Object {
      "Properties": Object {
        "Tags": Array [
          Object {
            "Key": "Name",
            "Value": "shared",
          },
        ],
        "TransitGatewayId": Object {
          "Ref": "MainTransitGateway66204EF2",
        },
      },
      "Type": "AWS::EC2::TransitGatewayRouteTable",
    },
    "SsmParamAcceleratorVersionFF83282D": Object {
      "Properties": Object {
        "Name": "/accelerator/AWSAccelerator-NetworkPrepStack-333333333333-us-east-1/version",
        "Type": "String",
        "Value": "0.6.0-rc001",
      },
      "Type": "AWS::SSM::Parameter",
    },
    "SsmParamMainTransitGatewayId76D30719": Object {
      "Properties": Object {
        "Name": "/accelerator/network/transitGateways/Main/id",
        "Type": "String",
        "Value": Object {
          "Ref": "MainTransitGateway66204EF2",
        },
      },
      "Type": "AWS::SSM::Parameter",
    },
    "SsmParamMaincoreTransitGatewayRouteTableIdC4F7B376": Object {
      "Properties": Object {
        "Name": "/accelerator/network/transitGateways/Main/routeTables/core/id",
        "Type": "String",
        "Value": Object {
          "Ref": "CoreTransitGatewayRouteTableD73AD6A9",
        },
      },
      "Type": "AWS::SSM::Parameter",
    },
    "SsmParamMainsegregatedTransitGatewayRouteTableId8DCAFE8D": Object {
      "Properties": Object {
        "Name": "/accelerator/network/transitGateways/Main/routeTables/segregated/id",
        "Type": "String",
        "Value": Object {
          "Ref": "SegregatedTransitGatewayRouteTableFBA11CE4",
        },
      },
      "Type": "AWS::SSM::Parameter",
    },
    "SsmParamMainsharedTransitGatewayRouteTableId2B981DF1": Object {
      "Properties": Object {
        "Name": "/accelerator/network/transitGateways/Main/routeTables/shared/id",
        "Type": "String",
        "Value": Object {
          "Ref": "SharedTransitGatewayRouteTableDEC04AD4",
        },
      },
      "Type": "AWS::SSM::Parameter",
    },
    "SsmParamMainstandaloneTransitGatewayRouteTableIdE6B97388": Object {
      "Properties": Object {
        "Name": "/accelerator/network/transitGateways/Main/routeTables/standalone/id",
        "Type": "String",
        "Value": Object {
          "Ref": "StandaloneTransitGatewayRouteTableD8B42C98",
        },
      },
      "Type": "AWS::SSM::Parameter",
    },
    "SsmParamStackId521A78D3": Object {
      "Properties": Object {
        "Name": "/accelerator/AWSAccelerator-NetworkPrepStack-333333333333-us-east-1/stack-id",
        "Type": "String",
        "Value": Object {
          "Ref": "AWS::StackId",
        },
      },
      "Type": "AWS::SSM::Parameter",
    },
    "StandaloneTransitGatewayRouteTableD8B42C98": Object {
      "Properties": Object {
        "Tags": Array [
          Object {
            "Key": "Name",
            "Value": "standalone",
          },
        ],
        "TransitGatewayId": Object {
          "Ref": "MainTransitGateway66204EF2",
        },
      },
      "Type": "AWS::EC2::TransitGatewayRouteTable",
    },
  },
}
`;
