// Jest Snapshot v1, https://goo.gl/fbAQLP

exports[`NetworkAssociationsStack Construct(NetworkAssociationsStack):  Snapshot Test 1`] = `
Object {
  "Resources": Object {
    "AcceleratorKeyLookup0C18DA36": Object {
      "DeletionPolicy": "Delete",
      "DependsOn": Array [
        "CustomSsmGetParameterValueCustomResourceProviderLogGroup780D220D",
      ],
      "Properties": Object {
        "ServiceToken": Object {
          "Fn::GetAtt": Array [
            "CustomSsmGetParameterValueCustomResourceProviderHandlerAAD0E7EE",
            "Arn",
          ],
        },
        "assumeRoleArn": Object {
          "Fn::Join": Array [
            "",
            Array [
              "arn:",
              Object {
                "Ref": "AWS::Partition",
              },
              ":iam::222222222222:role/AWSAccelerator-CrossAccount-SsmParameter-Role",
            ],
          ],
        },
        "invokingAccountID": "111111111111",
        "invokingRegion": "us-east-1",
        "parameterAccountID": "222222222222",
        "parameterName": "/accelerator/kms/key-arn",
        "parameterRegion": "us-east-1",
        "uuid": "REPLACED-UUID",
      },
      "Type": "Custom::SsmGetParameterValue",
      "UpdateReplacePolicy": "Delete",
    },
    "CustomSsmGetParameterValueCustomResourceProviderHandlerAAD0E7EE": Object {
      "DependsOn": Array [
        "CustomSsmGetParameterValueCustomResourceProviderRoleB3AFDDB2",
      ],
      "Properties": Object {
        "Code": Object {
          "S3Bucket": "cdk-hnb659fds-assets-111111111111-us-east-1",
          "S3Key": "REPLACED-GENERATED-NAME.zip",
        },
        "Handler": "__entrypoint__.handler",
        "MemorySize": 128,
        "Role": Object {
          "Fn::GetAtt": Array [
            "CustomSsmGetParameterValueCustomResourceProviderRoleB3AFDDB2",
            "Arn",
          ],
        },
        "Runtime": "nodejs14.x",
        "Timeout": 900,
      },
      "Type": "AWS::Lambda::Function",
    },
    "CustomSsmGetParameterValueCustomResourceProviderLogGroup780D220D": Object {
      "DeletionPolicy": "Delete",
      "Properties": Object {
        "LogGroupName": Object {
          "Fn::Join": Array [
            "",
            Array [
              "/aws/lambda/",
              Object {
                "Ref": "CustomSsmGetParameterValueCustomResourceProviderHandlerAAD0E7EE",
              },
            ],
          ],
        },
        "RetentionInDays": 3653,
      },
      "Type": "AWS::Logs::LogGroup",
      "UpdateReplacePolicy": "Delete",
    },
    "CustomSsmGetParameterValueCustomResourceProviderRoleB3AFDDB2": Object {
      "Properties": Object {
        "AssumeRolePolicyDocument": Object {
          "Statement": Array [
            Object {
              "Action": "sts:AssumeRole",
              "Effect": "Allow",
              "Principal": Object {
                "Service": "lambda.amazonaws.com",
              },
            },
          ],
          "Version": "2012-10-17",
        },
        "ManagedPolicyArns": Array [
          Object {
            "Fn::Sub": "arn:\${AWS::Partition}:iam::aws:policy/service-role/AWSLambdaBasicExecutionRole",
          },
        ],
        "Policies": Array [
          Object {
            "PolicyDocument": Object {
              "Statement": Array [
                Object {
                  "Action": Array [
                    "ssm:GetParameters",
                    "ssm:GetParameter",
                    "ssm:DescribeParameters",
                  ],
                  "Effect": "Allow",
                  "Resource": Array [
                    "*",
                  ],
                  "Sid": "SsmGetParameterActions",
                },
                Object {
                  "Action": Array [
                    "sts:AssumeRole",
                  ],
                  "Effect": "Allow",
                  "Resource": Array [
                    Object {
                      "Fn::Join": Array [
                        "",
                        Array [
                          "arn:",
                          Object {
                            "Ref": "AWS::Partition",
                          },
                          ":iam::*:role/AWSAccelerator*",
                        ],
                      ],
                    },
                  ],
                  "Sid": "StsAssumeRoleActions",
                },
              ],
              "Version": "2012-10-17",
            },
            "PolicyName": "Inline",
          },
        ],
      },
      "Type": "AWS::IAM::Role",
    },
    "SsmParamAcceleratorVersionFF83282D": Object {
      "Properties": Object {
        "Name": "/accelerator/AWSAccelerator-NetworkAssociationsStack-111111111111-us-east-1/version",
        "Type": "String",
        "Value": "1.1.0",
      },
      "Type": "AWS::SSM::Parameter",
    },
    "SsmParamStackId521A78D3": Object {
      "Properties": Object {
        "Name": "/accelerator/AWSAccelerator-NetworkAssociationsStack-111111111111-us-east-1/stack-id",
        "Type": "String",
        "Value": Object {
          "Ref": "AWS::StackId",
        },
      },
      "Type": "AWS::SSM::Parameter",
    },
  },
}
`;
