// Jest Snapshot v1, https://goo.gl/fbAQLP

exports[`IdentityCenterOrganizationAdminAccount Construct(IdentityCenterOrganizationAdminAccount):  Snapshot Test 1`] = `
Object {
  "Resources": Object {
    "IdentityCenterOrganizationAdminAccountIdentityCenterOrganizationAdminAccountProviderLambdaB22B900C": Object {
      "DependsOn": Array [
        "IdentityCenterOrganizationAdminAccountIdentityCenterOrganizationAdminAccountProviderLambdaServiceRoleDefaultPolicy302EC61B",
        "IdentityCenterOrganizationAdminAccountIdentityCenterOrganizationAdminAccountProviderLambdaServiceRole22209E8A",
      ],
      "Properties": Object {
        "Code": Object {
          "S3Bucket": Object {
            "Fn::Sub": "cdk-hnb659fds-assets-\${AWS::AccountId}-\${AWS::Region}",
          },
          "S3Key": "REPLACED-GENERATED-NAME.zip",
        },
        "Handler": "index.handler",
        "Role": Object {
          "Fn::GetAtt": Array [
            "IdentityCenterOrganizationAdminAccountIdentityCenterOrganizationAdminAccountProviderLambdaServiceRole22209E8A",
            "Arn",
          ],
        },
        "Runtime": "nodejs14.x",
        "Timeout": 160,
      },
      "Type": "AWS::Lambda::Function",
    },
    "IdentityCenterOrganizationAdminAccountIdentityCenterOrganizationAdminAccountProviderLambdaServiceRole22209E8A": Object {
      "Metadata": Object {
        "cdk_nag": Object {
          "rules_to_suppress": Array [
            Object {
              "id": "AwsSolutions-IAM4",
              "reason": "AWS Custom resource provider framework-role created by cdk.",
            },
          ],
        },
      },
      "Properties": Object {
        "AssumeRolePolicyDocument": Object {
          "Statement": Array [
            Object {
              "Action": "sts:AssumeRole",
              "Effect": "Allow",
              "Principal": Object {
                "Service": "lambda.amazonaws.com",
              },
            },
          ],
          "Version": "2012-10-17",
        },
        "ManagedPolicyArns": Array [
          Object {
            "Fn::Join": Array [
              "",
              Array [
                "arn:",
                Object {
                  "Ref": "AWS::Partition",
                },
                ":iam::aws:policy/service-role/AWSLambdaBasicExecutionRole",
              ],
            ],
          },
        ],
      },
      "Type": "AWS::IAM::Role",
    },
    "IdentityCenterOrganizationAdminAccountIdentityCenterOrganizationAdminAccountProviderLambdaServiceRoleDefaultPolicy302EC61B": Object {
      "Metadata": Object {
        "cdk_nag": Object {
          "rules_to_suppress": Array [
            Object {
              "id": "AwsSolutions-IAM5",
              "reason": "Allows only specific policy.",
            },
          ],
        },
      },
      "Properties": Object {
        "PolicyDocument": Object {
          "Statement": Array [
            Object {
              "Action": Array [
                "organizations:ListDelegatedAdministrators",
                "organizations:RegisterDelegatedAdministrator",
                "organizations:DeregisterDelegatedAdministrator",
                "organizations:EnableAwsServiceAccess",
                "organizations:DisableAWSServiceAccess",
                "organizations:DescribeAccount",
                "organizations:DescribeOrganization",
                "organizations:DescribeOrganizationalUnit",
                "organizations:ListAccounts",
                "organizations:ListAWSServiceAccessForOrganization",
                "sso:ListInstances",
                "sso:ListPermissionSets",
                "sso:ListAccountAssignments",
                "sso:DescribePermissionSet",
              ],
              "Effect": "Allow",
              "Resource": "*",
            },
          ],
          "Version": "2012-10-17",
        },
        "PolicyName": "IdentityCenterOrganizationAdminAccountIdentityCenterOrganizationAdminAccountProviderLambdaServiceRoleDefaultPolicy302EC61B",
        "Roles": Array [
          Object {
            "Ref": "IdentityCenterOrganizationAdminAccountIdentityCenterOrganizationAdminAccountProviderLambdaServiceRole22209E8A",
          },
        ],
      },
      "Type": "AWS::IAM::Policy",
    },
    "IdentityCenterOrganizationAdminAccountframeworkonEventEC3480A7": Object {
      "DependsOn": Array [
        "IdentityCenterOrganizationAdminAccountframeworkonEventServiceRoleDefaultPolicy23D13EB2",
        "IdentityCenterOrganizationAdminAccountframeworkonEventServiceRole3C202AD2",
      ],
      "Properties": Object {
        "Code": Object {
          "S3Bucket": Object {
            "Fn::Sub": "cdk-hnb659fds-assets-\${AWS::AccountId}-\${AWS::Region}",
          },
          "S3Key": "REPLACED-GENERATED-NAME.zip",
        },
        "Description": "AWS CDK resource provider framework - onEvent (Default/IdentityCenterOrganizationAdminAccount/Resource)",
        "Environment": Object {
          "Variables": Object {
            "USER_ON_EVENT_FUNCTION_ARN": Object {
              "Fn::GetAtt": Array [
                "IdentityCenterOrganizationAdminAccountIdentityCenterOrganizationAdminAccountProviderLambdaB22B900C",
                "Arn",
              ],
            },
          },
        },
        "Handler": "framework.onEvent",
        "Role": Object {
          "Fn::GetAtt": Array [
            "IdentityCenterOrganizationAdminAccountframeworkonEventServiceRole3C202AD2",
            "Arn",
          ],
        },
        "Runtime": "nodejs14.x",
        "Timeout": 900,
      },
      "Type": "AWS::Lambda::Function",
    },
    "IdentityCenterOrganizationAdminAccountframeworkonEventServiceRole3C202AD2": Object {
      "Metadata": Object {
        "cdk_nag": Object {
          "rules_to_suppress": Array [
            Object {
              "id": "AwsSolutions-IAM4",
              "reason": "AWS Custom resource provider framework-role created by cdk.",
            },
          ],
        },
      },
      "Properties": Object {
        "AssumeRolePolicyDocument": Object {
          "Statement": Array [
            Object {
              "Action": "sts:AssumeRole",
              "Effect": "Allow",
              "Principal": Object {
                "Service": "lambda.amazonaws.com",
              },
            },
          ],
          "Version": "2012-10-17",
        },
        "ManagedPolicyArns": Array [
          Object {
            "Fn::Join": Array [
              "",
              Array [
                "arn:",
                Object {
                  "Ref": "AWS::Partition",
                },
                ":iam::aws:policy/service-role/AWSLambdaBasicExecutionRole",
              ],
            ],
          },
        ],
      },
      "Type": "AWS::IAM::Role",
    },
    "IdentityCenterOrganizationAdminAccountframeworkonEventServiceRoleDefaultPolicy23D13EB2": Object {
      "Metadata": Object {
        "cdk_nag": Object {
          "rules_to_suppress": Array [
            Object {
              "id": "AwsSolutions-IAM5",
              "reason": "Allows only specific policy.",
            },
          ],
        },
      },
      "Properties": Object {
        "PolicyDocument": Object {
          "Statement": Array [
            Object {
              "Action": "lambda:InvokeFunction",
              "Effect": "Allow",
              "Resource": Array [
                Object {
                  "Fn::GetAtt": Array [
                    "IdentityCenterOrganizationAdminAccountIdentityCenterOrganizationAdminAccountProviderLambdaB22B900C",
                    "Arn",
                  ],
                },
                Object {
                  "Fn::Join": Array [
                    "",
                    Array [
                      Object {
                        "Fn::GetAtt": Array [
                          "IdentityCenterOrganizationAdminAccountIdentityCenterOrganizationAdminAccountProviderLambdaB22B900C",
                          "Arn",
                        ],
                      },
                      ":*",
                    ],
                  ],
                },
              ],
            },
          ],
          "Version": "2012-10-17",
        },
        "PolicyName": "IdentityCenterOrganizationAdminAccountframeworkonEventServiceRoleDefaultPolicy23D13EB2",
        "Roles": Array [
          Object {
            "Ref": "IdentityCenterOrganizationAdminAccountframeworkonEventServiceRole3C202AD2",
          },
        ],
      },
      "Type": "AWS::IAM::Policy",
    },
    "IdentityCenterOrganizationAdminAccountidentityCenterAdmin14AEDC37": Object {
      "DeletionPolicy": "Delete",
      "Properties": Object {
        "ServiceToken": Object {
          "Fn::GetAtt": Array [
            "IdentityCenterOrganizationAdminAccountframeworkonEventEC3480A7",
            "Arn",
          ],
        },
        "adminAccountId": "adminAccountId",
        "partition": Object {
          "Ref": "AWS::Partition",
        },
      },
      "Type": "AWS::CloudFormation::CustomResource",
      "UpdateReplacePolicy": "Delete",
    },
  },
}
`;
