// Jest Snapshot v1, https://goo.gl/fbAQLP

exports[`ImportCertificate Construct(CreateCertificate):  Snapshot Test 1`] = `
Object {
  "Resources": Object {
    "CustomKeyImportCertDF655C71": Object {
      "DeletionPolicy": "Retain",
      "Properties": Object {
        "KeyPolicy": Object {
          "Statement": Array [
            Object {
              "Action": "kms:*",
              "Effect": "Allow",
              "Principal": Object {
                "AWS": Object {
                  "Fn::Join": Array [
                    "",
                    Array [
                      "arn:",
                      Object {
                        "Ref": "AWS::Partition",
                      },
                      ":iam::",
                      Object {
                        "Ref": "AWS::AccountId",
                      },
                      ":root",
                    ],
                  ],
                },
              },
              "Resource": "*",
            },
          ],
          "Version": "2012-10-17",
        },
      },
      "Type": "AWS::KMS::Key",
      "UpdateReplacePolicy": "Retain",
    },
    "CustomKeyRequestCertF029C636": Object {
      "DeletionPolicy": "Retain",
      "Properties": Object {
        "KeyPolicy": Object {
          "Statement": Array [
            Object {
              "Action": "kms:*",
              "Effect": "Allow",
              "Principal": Object {
                "AWS": Object {
                  "Fn::Join": Array [
                    "",
                    Array [
                      "arn:",
                      Object {
                        "Ref": "AWS::Partition",
                      },
                      ":iam::",
                      Object {
                        "Ref": "AWS::AccountId",
                      },
                      ":root",
                    ],
                  ],
                },
              },
              "Resource": "*",
            },
          ],
          "Version": "2012-10-17",
        },
      },
      "Type": "AWS::KMS::Key",
      "UpdateReplacePolicy": "Retain",
    },
    "ImportCertificate94B1FDBC": Object {
      "DeletionPolicy": "Delete",
      "Properties": Object {
        "ServiceToken": Object {
          "Fn::GetAtt": Array [
            "ImportCertificateCustomCreateAcmCertsframeworkonEvent5B216036",
            "Arn",
          ],
        },
        "cert": "cert/cert.crt",
        "chain": "cert/chain.csr",
        "homeRegion": "us-east-1",
        "managementAccountId": "111111111111",
        "name": "importCert",
        "privKey": "cert/privKey.pem",
        "type": "import",
      },
      "Type": "Custom::CreateAcmCerts",
      "UpdateReplacePolicy": "Delete",
    },
    "ImportCertificateAssetsRolePolicy3ED379B9": Object {
      "Properties": Object {
        "PolicyDocument": Object {
          "Statement": Array [
            Object {
              "Action": "lambda:InvokeFunction",
              "Effect": "Allow",
              "Resource": Array [
                Object {
                  "Fn::GetAtt": Array [
                    "ImportCertificateFunction55F21D86",
                    "Arn",
                  ],
                },
                Object {
                  "Fn::Join": Array [
                    "",
                    Array [
                      Object {
                        "Fn::GetAtt": Array [
                          "ImportCertificateFunction55F21D86",
                          "Arn",
                        ],
                      },
                      ":*",
                    ],
                  ],
                },
              ],
            },
          ],
          "Version": "2012-10-17",
        },
        "PolicyName": "ImportCertificateAssetsRolePolicy3ED379B9",
        "Roles": Array [
          Object {
            "Fn::Join": Array [
              "",
              Array [
                "AWSAccelerator-AssetsAccessRole-",
                Object {
                  "Ref": "AWS::Region",
                },
              ],
            ],
          },
        ],
      },
      "Type": "AWS::IAM::Policy",
    },
    "ImportCertificateCustomCreateAcmCertsframeworkonEvent5B216036": Object {
      "DependsOn": Array [
        "ImportCertificateAssetsRolePolicy3ED379B9",
      ],
      "Properties": Object {
        "Code": Object {
          "S3Bucket": Object {
            "Fn::Sub": "cdk-hnb659fds-assets-\${AWS::AccountId}-\${AWS::Region}",
          },
          "S3Key": "REPLACED-GENERATED-NAME.zip",
        },
        "Description": "AWS CDK resource provider framework - onEvent (Default/ImportCertificate/Custom::CreateAcmCerts)",
        "Environment": Object {
          "Variables": Object {
            "USER_ON_EVENT_FUNCTION_ARN": Object {
              "Fn::GetAtt": Array [
                "ImportCertificateFunction55F21D86",
                "Arn",
              ],
            },
          },
        },
        "Handler": "framework.onEvent",
        "Role": Object {
          "Fn::Join": Array [
            "",
            Array [
              "arn:",
              Object {
                "Ref": "AWS::Partition",
              },
              ":iam::",
              Object {
                "Ref": "AWS::AccountId",
              },
              ":role/AWSAccelerator-AssetsAccessRole-",
              Object {
                "Ref": "AWS::Region",
              },
            ],
          ],
        },
        "Runtime": "nodejs14.x",
        "Timeout": 900,
      },
      "Type": "AWS::Lambda::Function",
    },
    "ImportCertificateFunction55F21D86": Object {
      "Properties": Object {
        "Code": Object {
          "S3Bucket": Object {
            "Fn::Sub": "cdk-hnb659fds-assets-\${AWS::AccountId}-\${AWS::Region}",
          },
          "S3Key": "REPLACED-GENERATED-NAME.zip",
        },
        "Description": "Create ACM certificates handler",
        "Handler": "index.handler",
        "Role": Object {
          "Fn::Join": Array [
            "",
            Array [
              "arn:",
              Object {
                "Ref": "AWS::Partition",
              },
              ":iam::",
              Object {
                "Ref": "AWS::AccountId",
              },
              ":role/AWSAccelerator-AssetsAccessRole-",
              Object {
                "Ref": "AWS::Region",
              },
            ],
          ],
        },
        "Runtime": "nodejs14.x",
        "Timeout": 900,
      },
      "Type": "AWS::Lambda::Function",
    },
    "ImportCertificateFunctionLogGroup3FFC3061": Object {
      "DeletionPolicy": "Delete",
      "Properties": Object {
        "KmsKeyId": Object {
          "Fn::GetAtt": Array [
            "CustomKeyRequestCertF029C636",
            "Arn",
          ],
        },
        "LogGroupName": Object {
          "Fn::Join": Array [
            "",
            Array [
              "/aws/lambda/",
              Object {
                "Ref": "ImportCertificateFunction55F21D86",
              },
            ],
          ],
        },
        "RetentionInDays": 363,
      },
      "Type": "AWS::Logs::LogGroup",
      "UpdateReplacePolicy": "Delete",
    },
    "RequestCertificate5D48D3DE": Object {
      "DeletionPolicy": "Delete",
      "Properties": Object {
        "ServiceToken": Object {
          "Fn::GetAtt": Array [
            "RequestCertificateCustomCreateAcmCertsframeworkonEvent15AC29F8",
            "Arn",
          ],
        },
        "domain": "*.example.com",
        "homeRegion": "us-east-1",
        "managementAccountId": "111111111111",
        "name": "requestCert",
        "san": "e.co,*.example.net",
        "type": "request",
        "validation": "DNS",
      },
      "Type": "Custom::CreateAcmCerts",
      "UpdateReplacePolicy": "Delete",
    },
    "RequestCertificateAssetsRolePolicyB2058A9C": Object {
      "Properties": Object {
        "PolicyDocument": Object {
          "Statement": Array [
            Object {
              "Action": "lambda:InvokeFunction",
              "Effect": "Allow",
              "Resource": Array [
                Object {
                  "Fn::GetAtt": Array [
                    "RequestCertificateFunction3B1055B9",
                    "Arn",
                  ],
                },
                Object {
                  "Fn::Join": Array [
                    "",
                    Array [
                      Object {
                        "Fn::GetAtt": Array [
                          "RequestCertificateFunction3B1055B9",
                          "Arn",
                        ],
                      },
                      ":*",
                    ],
                  ],
                },
              ],
            },
          ],
          "Version": "2012-10-17",
        },
        "PolicyName": "RequestCertificateAssetsRolePolicyB2058A9C",
        "Roles": Array [
          Object {
            "Fn::Join": Array [
              "",
              Array [
                "AWSAccelerator-AssetsAccessRole-",
                Object {
                  "Ref": "AWS::Region",
                },
              ],
            ],
          },
        ],
      },
      "Type": "AWS::IAM::Policy",
    },
    "RequestCertificateCustomCreateAcmCertsframeworkonEvent15AC29F8": Object {
      "DependsOn": Array [
        "RequestCertificateAssetsRolePolicyB2058A9C",
      ],
      "Properties": Object {
        "Code": Object {
          "S3Bucket": Object {
            "Fn::Sub": "cdk-hnb659fds-assets-\${AWS::AccountId}-\${AWS::Region}",
          },
          "S3Key": "REPLACED-GENERATED-NAME.zip",
        },
        "Description": "AWS CDK resource provider framework - onEvent (Default/RequestCertificate/Custom::CreateAcmCerts)",
        "Environment": Object {
          "Variables": Object {
            "USER_ON_EVENT_FUNCTION_ARN": Object {
              "Fn::GetAtt": Array [
                "RequestCertificateFunction3B1055B9",
                "Arn",
              ],
            },
          },
        },
        "Handler": "framework.onEvent",
        "Role": Object {
          "Fn::Join": Array [
            "",
            Array [
              "arn:",
              Object {
                "Ref": "AWS::Partition",
              },
              ":iam::",
              Object {
                "Ref": "AWS::AccountId",
              },
              ":role/AWSAccelerator-AssetsAccessRole-",
              Object {
                "Ref": "AWS::Region",
              },
            ],
          ],
        },
        "Runtime": "nodejs14.x",
        "Timeout": 900,
      },
      "Type": "AWS::Lambda::Function",
    },
    "RequestCertificateFunction3B1055B9": Object {
      "Properties": Object {
        "Code": Object {
          "S3Bucket": Object {
            "Fn::Sub": "cdk-hnb659fds-assets-\${AWS::AccountId}-\${AWS::Region}",
          },
          "S3Key": "REPLACED-GENERATED-NAME.zip",
        },
        "Description": "Create ACM certificates handler",
        "Handler": "index.handler",
        "Role": Object {
          "Fn::Join": Array [
            "",
            Array [
              "arn:",
              Object {
                "Ref": "AWS::Partition",
              },
              ":iam::",
              Object {
                "Ref": "AWS::AccountId",
              },
              ":role/AWSAccelerator-AssetsAccessRole-",
              Object {
                "Ref": "AWS::Region",
              },
            ],
          ],
        },
        "Runtime": "nodejs14.x",
        "Timeout": 900,
      },
      "Type": "AWS::Lambda::Function",
    },
    "RequestCertificateFunctionLogGroup1921673C": Object {
      "DeletionPolicy": "Delete",
      "Properties": Object {
        "KmsKeyId": Object {
          "Fn::GetAtt": Array [
            "CustomKeyImportCertDF655C71",
            "Arn",
          ],
        },
        "LogGroupName": Object {
          "Fn::Join": Array [
            "",
            Array [
              "/aws/lambda/",
              Object {
                "Ref": "RequestCertificateFunction3B1055B9",
              },
            ],
          ],
        },
        "RetentionInDays": 363,
      },
      "Type": "AWS::Logs::LogGroup",
      "UpdateReplacePolicy": "Delete",
    },
  },
}
`;

exports[`RequestCertificate Construct(CreateCertificate):  Snapshot Test 1`] = `
Object {
  "Resources": Object {
    "CustomKeyImportCertDF655C71": Object {
      "DeletionPolicy": "Retain",
      "Properties": Object {
        "KeyPolicy": Object {
          "Statement": Array [
            Object {
              "Action": "kms:*",
              "Effect": "Allow",
              "Principal": Object {
                "AWS": Object {
                  "Fn::Join": Array [
                    "",
                    Array [
                      "arn:",
                      Object {
                        "Ref": "AWS::Partition",
                      },
                      ":iam::",
                      Object {
                        "Ref": "AWS::AccountId",
                      },
                      ":root",
                    ],
                  ],
                },
              },
              "Resource": "*",
            },
          ],
          "Version": "2012-10-17",
        },
      },
      "Type": "AWS::KMS::Key",
      "UpdateReplacePolicy": "Retain",
    },
    "CustomKeyRequestCertF029C636": Object {
      "DeletionPolicy": "Retain",
      "Properties": Object {
        "KeyPolicy": Object {
          "Statement": Array [
            Object {
              "Action": "kms:*",
              "Effect": "Allow",
              "Principal": Object {
                "AWS": Object {
                  "Fn::Join": Array [
                    "",
                    Array [
                      "arn:",
                      Object {
                        "Ref": "AWS::Partition",
                      },
                      ":iam::",
                      Object {
                        "Ref": "AWS::AccountId",
                      },
                      ":root",
                    ],
                  ],
                },
              },
              "Resource": "*",
            },
          ],
          "Version": "2012-10-17",
        },
      },
      "Type": "AWS::KMS::Key",
      "UpdateReplacePolicy": "Retain",
    },
    "ImportCertificate94B1FDBC": Object {
      "DeletionPolicy": "Delete",
      "Properties": Object {
        "ServiceToken": Object {
          "Fn::GetAtt": Array [
            "ImportCertificateCustomCreateAcmCertsframeworkonEvent5B216036",
            "Arn",
          ],
        },
        "cert": "cert/cert.crt",
        "chain": "cert/chain.csr",
        "homeRegion": "us-east-1",
        "managementAccountId": "111111111111",
        "name": "importCert",
        "privKey": "cert/privKey.pem",
        "type": "import",
      },
      "Type": "Custom::CreateAcmCerts",
      "UpdateReplacePolicy": "Delete",
    },
    "ImportCertificateAssetsRolePolicy3ED379B9": Object {
      "Properties": Object {
        "PolicyDocument": Object {
          "Statement": Array [
            Object {
              "Action": "lambda:InvokeFunction",
              "Effect": "Allow",
              "Resource": Array [
                Object {
                  "Fn::GetAtt": Array [
                    "ImportCertificateFunction55F21D86",
                    "Arn",
                  ],
                },
                Object {
                  "Fn::Join": Array [
                    "",
                    Array [
                      Object {
                        "Fn::GetAtt": Array [
                          "ImportCertificateFunction55F21D86",
                          "Arn",
                        ],
                      },
                      ":*",
                    ],
                  ],
                },
              ],
            },
          ],
          "Version": "2012-10-17",
        },
        "PolicyName": "ImportCertificateAssetsRolePolicy3ED379B9",
        "Roles": Array [
          Object {
            "Fn::Join": Array [
              "",
              Array [
                "AWSAccelerator-AssetsAccessRole-",
                Object {
                  "Ref": "AWS::Region",
                },
              ],
            ],
          },
        ],
      },
      "Type": "AWS::IAM::Policy",
    },
    "ImportCertificateCustomCreateAcmCertsframeworkonEvent5B216036": Object {
      "DependsOn": Array [
        "ImportCertificateAssetsRolePolicy3ED379B9",
      ],
      "Properties": Object {
        "Code": Object {
          "S3Bucket": Object {
            "Fn::Sub": "cdk-hnb659fds-assets-\${AWS::AccountId}-\${AWS::Region}",
          },
          "S3Key": "REPLACED-GENERATED-NAME.zip",
        },
        "Description": "AWS CDK resource provider framework - onEvent (Default/ImportCertificate/Custom::CreateAcmCerts)",
        "Environment": Object {
          "Variables": Object {
            "USER_ON_EVENT_FUNCTION_ARN": Object {
              "Fn::GetAtt": Array [
                "ImportCertificateFunction55F21D86",
                "Arn",
              ],
            },
          },
        },
        "Handler": "framework.onEvent",
        "Role": Object {
          "Fn::Join": Array [
            "",
            Array [
              "arn:",
              Object {
                "Ref": "AWS::Partition",
              },
              ":iam::",
              Object {
                "Ref": "AWS::AccountId",
              },
              ":role/AWSAccelerator-AssetsAccessRole-",
              Object {
                "Ref": "AWS::Region",
              },
            ],
          ],
        },
        "Runtime": "nodejs14.x",
        "Timeout": 900,
      },
      "Type": "AWS::Lambda::Function",
    },
    "ImportCertificateFunction55F21D86": Object {
      "Properties": Object {
        "Code": Object {
          "S3Bucket": Object {
            "Fn::Sub": "cdk-hnb659fds-assets-\${AWS::AccountId}-\${AWS::Region}",
          },
          "S3Key": "REPLACED-GENERATED-NAME.zip",
        },
        "Description": "Create ACM certificates handler",
        "Handler": "index.handler",
        "Role": Object {
          "Fn::Join": Array [
            "",
            Array [
              "arn:",
              Object {
                "Ref": "AWS::Partition",
              },
              ":iam::",
              Object {
                "Ref": "AWS::AccountId",
              },
              ":role/AWSAccelerator-AssetsAccessRole-",
              Object {
                "Ref": "AWS::Region",
              },
            ],
          ],
        },
        "Runtime": "nodejs14.x",
        "Timeout": 900,
      },
      "Type": "AWS::Lambda::Function",
    },
    "ImportCertificateFunctionLogGroup3FFC3061": Object {
      "DeletionPolicy": "Delete",
      "Properties": Object {
        "KmsKeyId": Object {
          "Fn::GetAtt": Array [
            "CustomKeyRequestCertF029C636",
            "Arn",
          ],
        },
        "LogGroupName": Object {
          "Fn::Join": Array [
            "",
            Array [
              "/aws/lambda/",
              Object {
                "Ref": "ImportCertificateFunction55F21D86",
              },
            ],
          ],
        },
        "RetentionInDays": 363,
      },
      "Type": "AWS::Logs::LogGroup",
      "UpdateReplacePolicy": "Delete",
    },
    "RequestCertificate5D48D3DE": Object {
      "DeletionPolicy": "Delete",
      "Properties": Object {
        "ServiceToken": Object {
          "Fn::GetAtt": Array [
            "RequestCertificateCustomCreateAcmCertsframeworkonEvent15AC29F8",
            "Arn",
          ],
        },
        "domain": "*.example.com",
        "homeRegion": "us-east-1",
        "managementAccountId": "111111111111",
        "name": "requestCert",
        "san": "e.co,*.example.net",
        "type": "request",
        "validation": "DNS",
      },
      "Type": "Custom::CreateAcmCerts",
      "UpdateReplacePolicy": "Delete",
    },
    "RequestCertificateAssetsRolePolicyB2058A9C": Object {
      "Properties": Object {
        "PolicyDocument": Object {
          "Statement": Array [
            Object {
              "Action": "lambda:InvokeFunction",
              "Effect": "Allow",
              "Resource": Array [
                Object {
                  "Fn::GetAtt": Array [
                    "RequestCertificateFunction3B1055B9",
                    "Arn",
                  ],
                },
                Object {
                  "Fn::Join": Array [
                    "",
                    Array [
                      Object {
                        "Fn::GetAtt": Array [
                          "RequestCertificateFunction3B1055B9",
                          "Arn",
                        ],
                      },
                      ":*",
                    ],
                  ],
                },
              ],
            },
          ],
          "Version": "2012-10-17",
        },
        "PolicyName": "RequestCertificateAssetsRolePolicyB2058A9C",
        "Roles": Array [
          Object {
            "Fn::Join": Array [
              "",
              Array [
                "AWSAccelerator-AssetsAccessRole-",
                Object {
                  "Ref": "AWS::Region",
                },
              ],
            ],
          },
        ],
      },
      "Type": "AWS::IAM::Policy",
    },
    "RequestCertificateCustomCreateAcmCertsframeworkonEvent15AC29F8": Object {
      "DependsOn": Array [
        "RequestCertificateAssetsRolePolicyB2058A9C",
      ],
      "Properties": Object {
        "Code": Object {
          "S3Bucket": Object {
            "Fn::Sub": "cdk-hnb659fds-assets-\${AWS::AccountId}-\${AWS::Region}",
          },
          "S3Key": "REPLACED-GENERATED-NAME.zip",
        },
        "Description": "AWS CDK resource provider framework - onEvent (Default/RequestCertificate/Custom::CreateAcmCerts)",
        "Environment": Object {
          "Variables": Object {
            "USER_ON_EVENT_FUNCTION_ARN": Object {
              "Fn::GetAtt": Array [
                "RequestCertificateFunction3B1055B9",
                "Arn",
              ],
            },
          },
        },
        "Handler": "framework.onEvent",
        "Role": Object {
          "Fn::Join": Array [
            "",
            Array [
              "arn:",
              Object {
                "Ref": "AWS::Partition",
              },
              ":iam::",
              Object {
                "Ref": "AWS::AccountId",
              },
              ":role/AWSAccelerator-AssetsAccessRole-",
              Object {
                "Ref": "AWS::Region",
              },
            ],
          ],
        },
        "Runtime": "nodejs14.x",
        "Timeout": 900,
      },
      "Type": "AWS::Lambda::Function",
    },
    "RequestCertificateFunction3B1055B9": Object {
      "Properties": Object {
        "Code": Object {
          "S3Bucket": Object {
            "Fn::Sub": "cdk-hnb659fds-assets-\${AWS::AccountId}-\${AWS::Region}",
          },
          "S3Key": "REPLACED-GENERATED-NAME.zip",
        },
        "Description": "Create ACM certificates handler",
        "Handler": "index.handler",
        "Role": Object {
          "Fn::Join": Array [
            "",
            Array [
              "arn:",
              Object {
                "Ref": "AWS::Partition",
              },
              ":iam::",
              Object {
                "Ref": "AWS::AccountId",
              },
              ":role/AWSAccelerator-AssetsAccessRole-",
              Object {
                "Ref": "AWS::Region",
              },
            ],
          ],
        },
        "Runtime": "nodejs14.x",
        "Timeout": 900,
      },
      "Type": "AWS::Lambda::Function",
    },
    "RequestCertificateFunctionLogGroup1921673C": Object {
      "DeletionPolicy": "Delete",
      "Properties": Object {
        "KmsKeyId": Object {
          "Fn::GetAtt": Array [
            "CustomKeyImportCertDF655C71",
            "Arn",
          ],
        },
        "LogGroupName": Object {
          "Fn::Join": Array [
            "",
            Array [
              "/aws/lambda/",
              Object {
                "Ref": "RequestCertificateFunction3B1055B9",
              },
            ],
          ],
        },
        "RetentionInDays": 363,
      },
      "Type": "AWS::Logs::LogGroup",
      "UpdateReplacePolicy": "Delete",
    },
  },
}
`;
