// Jest Snapshot v1, https://goo.gl/fbAQLP

exports[`Network Firewall Policy Construct(NetworkFirewallPolicy):  Snapshot Test 1`] = `
Object {
  "Resources": Object {
    "TestPolicy14DF854C3": Object {
      "Properties": Object {
        "FirewallPolicy": Object {
          "StatefulDefaultActions": Array [
            "statefulDefaultActions",
          ],
          "StatefulEngineOptions": Object {
            "RuleOrder": "statefulEngineOptions",
          },
          "StatefulRuleGroupReferences": Array [
            Object {
              "Priority": 123,
              "ResourceArn": "resourceArn",
            },
          ],
          "StatelessCustomActions": Array [
            Object {
              "ActionDefinition": Object {
                "PublishMetricAction": Object {
                  "Dimensions": Array [
                    Object {
                      "Value": "CustomValue",
                    },
                  ],
                },
              },
              "ActionName": "actionName",
            },
          ],
          "StatelessDefaultActions": Array [
            "statelessDefaultActions",
          ],
          "StatelessFragmentDefaultActions": Array [
            "statelessFragmentDefaultActions",
          ],
          "StatelessRuleGroupReferences": Array [
            Object {
              "Priority": 123,
              "ResourceArn": "resourceArn",
            },
          ],
        },
        "FirewallPolicyName": "TestFirewallPolicy1",
        "Tags": Array [
          Object {
            "Key": "Name",
            "Value": "TestFirewallPolicy1",
          },
        ],
      },
      "Type": "AWS::NetworkFirewall::FirewallPolicy",
    },
    "TestPolicyCC05E598": Object {
      "Properties": Object {
        "FirewallPolicy": Object {
          "StatefulEngineOptions": Object {
            "RuleOrder": "STRICT_ORDER",
          },
          "StatefulRuleGroupReferences": Array [
            Object {
              "Priority": 123,
              "ResourceArn": "arn:aws:network-firewall:us-east-1:222222222222:stateful-rulegroup/TestGroup",
            },
          ],
          "StatelessDefaultActions": Array [
            "aws:forward_to_sfe",
          ],
          "StatelessFragmentDefaultActions": Array [
            "aws:forward_to_sfe",
          ],
        },
        "FirewallPolicyName": "TestFirewallPolicy",
        "Tags": Array [
          Object {
            "Key": "Name",
            "Value": "TestFirewallPolicy",
          },
        ],
      },
      "Type": "AWS::NetworkFirewall::FirewallPolicy",
    },
  },
}
`;
