// Jest Snapshot v1, https://goo.gl/fbAQLP

exports[`PropagatePortfolioAssociations Construct(PropagatePortfolioAssociations):  Snapshot Test 1`] = `
Object {
  "Resources": Object {
    "CustomPropagatePortfolioAssociationsCustomResourceProviderHandler282C1D38": Object {
      "DependsOn": Array [
        "CustomPropagatePortfolioAssociationsCustomResourceProviderRole4C66847F",
      ],
      "Properties": Object {
        "Code": Object {
          "S3Bucket": Object {
            "Fn::Sub": "cdk-hnb659fds-assets-\${AWS::AccountId}-\${AWS::Region}",
          },
          "S3Key": "REPLACED-GENERATED-NAME.zip",
        },
        "Handler": "__entrypoint__.handler",
        "MemorySize": 128,
        "Role": Object {
          "Fn::GetAtt": Array [
            "CustomPropagatePortfolioAssociationsCustomResourceProviderRole4C66847F",
            "Arn",
          ],
        },
        "Runtime": "nodejs14.x",
        "Timeout": 900,
      },
      "Type": "AWS::Lambda::Function",
    },
    "CustomPropagatePortfolioAssociationsCustomResourceProviderLogGroup44DE568D": Object {
      "DeletionPolicy": "Delete",
      "Properties": Object {
        "KmsKeyId": Object {
          "Fn::GetAtt": Array [
            "Key961B73FD",
            "Arn",
          ],
        },
        "LogGroupName": Object {
          "Fn::Join": Array [
            "",
            Array [
              "/aws/lambda/",
              Object {
                "Ref": "CustomPropagatePortfolioAssociationsCustomResourceProviderHandler282C1D38",
              },
            ],
          ],
        },
        "RetentionInDays": 3653,
      },
      "Type": "AWS::Logs::LogGroup",
      "UpdateReplacePolicy": "Delete",
    },
    "CustomPropagatePortfolioAssociationsCustomResourceProviderRole4C66847F": Object {
      "Properties": Object {
        "AssumeRolePolicyDocument": Object {
          "Statement": Array [
            Object {
              "Action": "sts:AssumeRole",
              "Effect": "Allow",
              "Principal": Object {
                "Service": "lambda.amazonaws.com",
              },
            },
          ],
          "Version": "2012-10-17",
        },
        "ManagedPolicyArns": Array [
          Object {
            "Fn::Sub": "arn:\${AWS::Partition}:iam::aws:policy/service-role/AWSLambdaBasicExecutionRole",
          },
        ],
        "Policies": Array [
          Object {
            "PolicyDocument": Object {
              "Statement": Array [
                Object {
                  "Action": Array [
                    "sts:AssumeRole",
                  ],
                  "Effect": "Allow",
                  "Resource": "*",
                  "Sid": "ServiceCatalog",
                },
              ],
              "Version": "2012-10-17",
            },
            "PolicyName": "Inline",
          },
        ],
      },
      "Type": "AWS::IAM::Role",
    },
    "Key961B73FD": Object {
      "DeletionPolicy": "Retain",
      "Properties": Object {
        "KeyPolicy": Object {
          "Statement": Array [
            Object {
              "Action": "kms:*",
              "Effect": "Allow",
              "Principal": Object {
                "AWS": Object {
                  "Fn::Join": Array [
                    "",
                    Array [
                      "arn:",
                      Object {
                        "Ref": "AWS::Partition",
                      },
                      ":iam::",
                      Object {
                        "Ref": "AWS::AccountId",
                      },
                      ":root",
                    ],
                  ],
                },
              },
              "Resource": "*",
            },
          ],
          "Version": "2012-10-17",
        },
      },
      "Type": "AWS::KMS::Key",
      "UpdateReplacePolicy": "Retain",
    },
    "PropagatePortfolioAssociationsPropagateAssociationsB8799497": Object {
      "DeletionPolicy": "Delete",
      "DependsOn": Array [
        "CustomPropagatePortfolioAssociationsCustomResourceProviderLogGroup44DE568D",
      ],
      "Properties": Object {
        "ServiceToken": Object {
          "Fn::GetAtt": Array [
            "CustomPropagatePortfolioAssociationsCustomResourceProviderHandler282C1D38",
            "Arn",
          ],
        },
        "crossAccountRole": "AWSAccelerator-CrossAccount-ServiceCatalog-Role",
        "partition": Object {
          "Ref": "AWS::Partition",
        },
        "portfolioDefinition": "{\\"name\\":\\"\\",\\"provider\\":\\"\\",\\"account\\":\\"\\",\\"regions\\":[],\\"portfolioAssociations\\":[],\\"products\\":[]}",
        "portfolioId": "portfolioId",
        "shareAccountIds": "222222222222,333333333333",
        "uuid": "REPLACED-UUID",
      },
      "Type": "Custom::PropagatePortfolioAssociations",
      "UpdateReplacePolicy": "Delete",
    },
  },
}
`;
