// Jest Snapshot v1, https://goo.gl/fbAQLP

exports[`SharePortfolioWithOrg Construct(SharePortfolioWithOrg):  Snapshot Test 1`] = `
Object {
  "Resources": Object {
    "CustomSharePortfolioWithOrgCustomResourceProviderHandler4644676D": Object {
      "DependsOn": Array [
        "CustomSharePortfolioWithOrgCustomResourceProviderRoleD968FEC7",
      ],
      "Properties": Object {
        "Code": Object {
          "S3Bucket": Object {
            "Fn::Sub": "cdk-hnb659fds-assets-\${AWS::AccountId}-\${AWS::Region}",
          },
          "S3Key": "REPLACED-GENERATED-NAME.zip",
        },
        "Handler": "__entrypoint__.handler",
        "MemorySize": 128,
        "Role": Object {
          "Fn::GetAtt": Array [
            "CustomSharePortfolioWithOrgCustomResourceProviderRoleD968FEC7",
            "Arn",
          ],
        },
        "Runtime": "nodejs14.x",
        "Timeout": 900,
      },
      "Type": "AWS::Lambda::Function",
    },
    "CustomSharePortfolioWithOrgCustomResourceProviderLogGroup3D78DA1D": Object {
      "DeletionPolicy": "Delete",
      "Properties": Object {
        "KmsKeyId": Object {
          "Fn::GetAtt": Array [
            "Key961B73FD",
            "Arn",
          ],
        },
        "LogGroupName": Object {
          "Fn::Join": Array [
            "",
            Array [
              "/aws/lambda/",
              Object {
                "Ref": "CustomSharePortfolioWithOrgCustomResourceProviderHandler4644676D",
              },
            ],
          ],
        },
        "RetentionInDays": 3653,
      },
      "Type": "AWS::Logs::LogGroup",
      "UpdateReplacePolicy": "Delete",
    },
    "CustomSharePortfolioWithOrgCustomResourceProviderRoleD968FEC7": Object {
      "Properties": Object {
        "AssumeRolePolicyDocument": Object {
          "Statement": Array [
            Object {
              "Action": "sts:AssumeRole",
              "Effect": "Allow",
              "Principal": Object {
                "Service": "lambda.amazonaws.com",
              },
            },
          ],
          "Version": "2012-10-17",
        },
        "ManagedPolicyArns": Array [
          Object {
            "Fn::Sub": "arn:\${AWS::Partition}:iam::aws:policy/service-role/AWSLambdaBasicExecutionRole",
          },
        ],
        "Policies": Array [
          Object {
            "PolicyDocument": Object {
              "Statement": Array [
                Object {
                  "Action": Array [
                    "servicecatalog:CreatePortfolioShare",
                    "servicecatalog:UpdatePortfolioShare",
                    "servicecatalog:DeletePortfolioShare",
                    "organizations:DescribeOrganization",
                    "organizations:ListParents",
                    "organizations:ListChildren",
                  ],
                  "Effect": "Allow",
                  "Resource": "*",
                  "Sid": "ServiceCatalog",
                },
              ],
              "Version": "2012-10-17",
            },
            "PolicyName": "Inline",
          },
        ],
      },
      "Type": "AWS::IAM::Role",
    },
    "Key961B73FD": Object {
      "DeletionPolicy": "Retain",
      "Properties": Object {
        "KeyPolicy": Object {
          "Statement": Array [
            Object {
              "Action": "kms:*",
              "Effect": "Allow",
              "Principal": Object {
                "AWS": Object {
                  "Fn::Join": Array [
                    "",
                    Array [
                      "arn:",
                      Object {
                        "Ref": "AWS::Partition",
                      },
                      ":iam::",
                      Object {
                        "Ref": "AWS::AccountId",
                      },
                      ":root",
                    ],
                  ],
                },
              },
              "Resource": "*",
            },
          ],
          "Version": "2012-10-17",
        },
      },
      "Type": "AWS::KMS::Key",
      "UpdateReplacePolicy": "Retain",
    },
    "SharePortfolioWithOrgPortfolioShareRoot6FBF67ED": Object {
      "DeletionPolicy": "Delete",
      "DependsOn": Array [
        "CustomSharePortfolioWithOrgCustomResourceProviderLogGroup3D78DA1D",
      ],
      "Properties": Object {
        "ServiceToken": Object {
          "Fn::GetAtt": Array [
            "CustomSharePortfolioWithOrgCustomResourceProviderHandler4644676D",
            "Arn",
          ],
        },
        "organizationId": "organizationId",
        "organizationalUnitId": "",
        "portfolioId": "portfolioId",
        "tagShareOptions": true,
      },
      "Type": "Custom::SharePortfolioWithOrg",
      "UpdateReplacePolicy": "Delete",
    },
    "SharePortfolioWithOrgPortfolioShareorg10340D408": Object {
      "DeletionPolicy": "Delete",
      "DependsOn": Array [
        "CustomSharePortfolioWithOrgCustomResourceProviderLogGroup3D78DA1D",
      ],
      "Properties": Object {
        "ServiceToken": Object {
          "Fn::GetAtt": Array [
            "CustomSharePortfolioWithOrgCustomResourceProviderHandler4644676D",
            "Arn",
          ],
        },
        "organizationId": "",
        "organizationalUnitId": "org1",
        "portfolioId": "portfolioId",
        "tagShareOptions": true,
      },
      "Type": "Custom::SharePortfolioWithOrg",
      "UpdateReplacePolicy": "Delete",
    },
    "SharePortfolioWithOrgPortfolioShareorg285669DB9": Object {
      "DeletionPolicy": "Delete",
      "DependsOn": Array [
        "CustomSharePortfolioWithOrgCustomResourceProviderLogGroup3D78DA1D",
      ],
      "Properties": Object {
        "ServiceToken": Object {
          "Fn::GetAtt": Array [
            "CustomSharePortfolioWithOrgCustomResourceProviderHandler4644676D",
            "Arn",
          ],
        },
        "organizationId": "",
        "organizationalUnitId": "org2",
        "portfolioId": "portfolioId",
        "tagShareOptions": true,
      },
      "Type": "Custom::SharePortfolioWithOrg",
      "UpdateReplacePolicy": "Delete",
    },
  },
}
`;
