// Jest Snapshot v1, https://goo.gl/fbAQLP

exports[`Document Construct(Document):  Snapshot Test 1`] = `
Object {
  "Resources": Object {
    "CustomSSMShareDocumentCustomResourceProviderHandler02D98C87": Object {
      "DependsOn": Array [
        "CustomSSMShareDocumentCustomResourceProviderRole53A2A3EC",
      ],
      "Properties": Object {
        "Code": Object {
          "S3Bucket": Object {
            "Fn::Sub": "cdk-hnb659fds-assets-\${AWS::AccountId}-\${AWS::Region}",
          },
          "S3Key": "REPLACED-GENERATED-NAME.zip",
        },
        "Handler": "__entrypoint__.handler",
        "MemorySize": 128,
        "Role": Object {
          "Fn::GetAtt": Array [
            "CustomSSMShareDocumentCustomResourceProviderRole53A2A3EC",
            "Arn",
          ],
        },
        "Runtime": "nodejs14.x",
        "Timeout": 900,
      },
      "Type": "AWS::Lambda::Function",
    },
    "CustomSSMShareDocumentCustomResourceProviderLogGroup11AEA42B": Object {
      "DeletionPolicy": "Delete",
      "Properties": Object {
        "KmsKeyId": Object {
          "Fn::GetAtt": Array [
            "Key961B73FD",
            "Arn",
          ],
        },
        "LogGroupName": Object {
          "Fn::Join": Array [
            "",
            Array [
              "/aws/lambda/",
              Object {
                "Ref": "CustomSSMShareDocumentCustomResourceProviderHandler02D98C87",
              },
            ],
          ],
        },
        "RetentionInDays": 3653,
      },
      "Type": "AWS::Logs::LogGroup",
      "UpdateReplacePolicy": "Delete",
    },
    "CustomSSMShareDocumentCustomResourceProviderRole53A2A3EC": Object {
      "Properties": Object {
        "AssumeRolePolicyDocument": Object {
          "Statement": Array [
            Object {
              "Action": "sts:AssumeRole",
              "Effect": "Allow",
              "Principal": Object {
                "Service": "lambda.amazonaws.com",
              },
            },
          ],
          "Version": "2012-10-17",
        },
        "ManagedPolicyArns": Array [
          Object {
            "Fn::Sub": "arn:\${AWS::Partition}:iam::aws:policy/service-role/AWSLambdaBasicExecutionRole",
          },
        ],
        "Policies": Array [
          Object {
            "PolicyDocument": Object {
              "Statement": Array [
                Object {
                  "Action": Array [
                    "ssm:DescribeDocumentPermission",
                    "ssm:ModifyDocumentPermission",
                  ],
                  "Effect": "Allow",
                  "Resource": Object {
                    "Fn::Join": Array [
                      "",
                      Array [
                        "arn:",
                        Object {
                          "Ref": "AWS::Partition",
                        },
                        ":ssm:",
                        Object {
                          "Ref": "AWS::Region",
                        },
                        ":",
                        Object {
                          "Ref": "AWS::AccountId",
                        },
                        ":document/*",
                      ],
                    ],
                  },
                  "Sid": "ShareDocumentActions",
                },
              ],
              "Version": "2012-10-17",
            },
            "PolicyName": "Inline",
          },
        ],
      },
      "Type": "AWS::IAM::Role",
    },
    "Document7E43FA9A": Object {
      "Properties": Object {
        "Content": Object {},
        "DocumentType": "Automation",
        "Name": "DocumentName",
        "UpdateMethod": "NewVersion",
      },
      "Type": "AWS::SSM::Document",
    },
    "DocumentShareDocument572E9653": Object {
      "DeletionPolicy": "Delete",
      "DependsOn": Array [
        "CustomSSMShareDocumentCustomResourceProviderLogGroup11AEA42B",
      ],
      "Properties": Object {
        "ServiceToken": Object {
          "Fn::GetAtt": Array [
            "CustomSSMShareDocumentCustomResourceProviderHandler02D98C87",
            "Arn",
          ],
        },
        "accountIds": Array [
          "accountA",
        ],
        "name": Object {
          "Ref": "Document7E43FA9A",
        },
      },
      "Type": "Custom::SSMShareDocument",
      "UpdateReplacePolicy": "Delete",
    },
    "Key961B73FD": Object {
      "DeletionPolicy": "Retain",
      "Properties": Object {
        "KeyPolicy": Object {
          "Statement": Array [
            Object {
              "Action": "kms:*",
              "Effect": "Allow",
              "Principal": Object {
                "AWS": Object {
                  "Fn::Join": Array [
                    "",
                    Array [
                      "arn:",
                      Object {
                        "Ref": "AWS::Partition",
                      },
                      ":iam::",
                      Object {
                        "Ref": "AWS::AccountId",
                      },
                      ":root",
                    ],
                  ],
                },
              },
              "Resource": "*",
            },
          ],
          "Version": "2012-10-17",
        },
      },
      "Type": "AWS::KMS::Key",
      "UpdateReplacePolicy": "Retain",
    },
  },
}
`;
