// Jest Snapshot v1, https://goo.gl/fbAQLP

exports[`SsmParameter Construct(SsmParameter):  Snapshot Test 1`] = `
Object {
  "Resources": Object {
    "SsmParameter39B3125C": Object {
      "DeletionPolicy": "Delete",
      "Properties": Object {
        "ServiceToken": Object {
          "Fn::GetAtt": Array [
            "SsmParameterCustomResourceProviderframeworkonEventE9ED19F6",
            "Arn",
          ],
        },
        "assumeRoleArn": "arn:aws:iam::111111111111:role/AWSAccelerator-VpcPeeringRole-222222222222",
        "invokingAccountID": "333333333333",
        "parameterAccountID": "111111111111",
        "parameterName": "/accelerator/network/vpcPeering/name/id",
        "parameterValue": "vp-123123123",
        "region": "us-east-1",
      },
      "Type": "Custom::SsmPutParameterValue",
      "UpdateReplacePolicy": "Delete",
    },
    "SsmParameterCustomResourceProviderframeworkonEventE9ED19F6": Object {
      "DependsOn": Array [
        "SsmParameterCustomResourceProviderframeworkonEventServiceRoleDefaultPolicyF43DF488",
        "SsmParameterCustomResourceProviderframeworkonEventServiceRoleE1067FDA",
      ],
      "Properties": Object {
        "Code": Object {
          "S3Bucket": Object {
            "Fn::Sub": "cdk-hnb659fds-assets-\${AWS::AccountId}-\${AWS::Region}",
          },
          "S3Key": "REPLACED-GENERATED-NAME.zip",
        },
        "Description": "AWS CDK resource provider framework - onEvent (Default/SsmParameter/CustomResourceProvider)",
        "Environment": Object {
          "Variables": Object {
            "USER_ON_EVENT_FUNCTION_ARN": Object {
              "Fn::GetAtt": Array [
                "SsmParameterSsmPutParameterValueFunction190E66D1",
                "Arn",
              ],
            },
          },
        },
        "Handler": "framework.onEvent",
        "Role": Object {
          "Fn::GetAtt": Array [
            "SsmParameterCustomResourceProviderframeworkonEventServiceRoleE1067FDA",
            "Arn",
          ],
        },
        "Runtime": "nodejs12.x",
        "Timeout": 900,
      },
      "Type": "AWS::Lambda::Function",
    },
    "SsmParameterCustomResourceProviderframeworkonEventServiceRoleDefaultPolicyF43DF488": Object {
      "Properties": Object {
        "PolicyDocument": Object {
          "Statement": Array [
            Object {
              "Action": "lambda:InvokeFunction",
              "Effect": "Allow",
              "Resource": Array [
                Object {
                  "Fn::GetAtt": Array [
                    "SsmParameterSsmPutParameterValueFunction190E66D1",
                    "Arn",
                  ],
                },
                Object {
                  "Fn::Join": Array [
                    "",
                    Array [
                      Object {
                        "Fn::GetAtt": Array [
                          "SsmParameterSsmPutParameterValueFunction190E66D1",
                          "Arn",
                        ],
                      },
                      ":*",
                    ],
                  ],
                },
              ],
            },
          ],
          "Version": "2012-10-17",
        },
        "PolicyName": "SsmParameterCustomResourceProviderframeworkonEventServiceRoleDefaultPolicyF43DF488",
        "Roles": Array [
          Object {
            "Ref": "SsmParameterCustomResourceProviderframeworkonEventServiceRoleE1067FDA",
          },
        ],
      },
      "Type": "AWS::IAM::Policy",
    },
    "SsmParameterCustomResourceProviderframeworkonEventServiceRoleE1067FDA": Object {
      "Properties": Object {
        "AssumeRolePolicyDocument": Object {
          "Statement": Array [
            Object {
              "Action": "sts:AssumeRole",
              "Effect": "Allow",
              "Principal": Object {
                "Service": "lambda.amazonaws.com",
              },
            },
          ],
          "Version": "2012-10-17",
        },
        "ManagedPolicyArns": Array [
          Object {
            "Fn::Join": Array [
              "",
              Array [
                "arn:",
                Object {
                  "Ref": "AWS::Partition",
                },
                ":iam::aws:policy/service-role/AWSLambdaBasicExecutionRole",
              ],
            ],
          },
        ],
      },
      "Type": "AWS::IAM::Role",
    },
    "SsmParameterSsmPutParameterValueFunction190E66D1": Object {
      "DependsOn": Array [
        "SsmParameterSsmPutParameterValueFunctionServiceRoleDefaultPolicyF7CBFD89",
        "SsmParameterSsmPutParameterValueFunctionServiceRoleA6975135",
      ],
      "Properties": Object {
        "Code": Object {
          "S3Bucket": Object {
            "Fn::Sub": "cdk-hnb659fds-assets-\${AWS::AccountId}-\${AWS::Region}",
          },
          "S3Key": "REPLACED-GENERATED-NAME.zip",
        },
        "Description": "Custom resource provider to put ssm parameter /accelerator/network/vpcPeering/name/id value",
        "Handler": "index.handler",
        "Role": Object {
          "Fn::GetAtt": Array [
            "SsmParameterSsmPutParameterValueFunctionServiceRoleA6975135",
            "Arn",
          ],
        },
        "Runtime": "nodejs14.x",
      },
      "Type": "AWS::Lambda::Function",
    },
    "SsmParameterSsmPutParameterValueFunctionServiceRoleA6975135": Object {
      "Properties": Object {
        "AssumeRolePolicyDocument": Object {
          "Statement": Array [
            Object {
              "Action": "sts:AssumeRole",
              "Effect": "Allow",
              "Principal": Object {
                "Service": "lambda.amazonaws.com",
              },
            },
          ],
          "Version": "2012-10-17",
        },
        "ManagedPolicyArns": Array [
          Object {
            "Fn::Join": Array [
              "",
              Array [
                "arn:",
                Object {
                  "Ref": "AWS::Partition",
                },
                ":iam::aws:policy/service-role/AWSLambdaBasicExecutionRole",
              ],
            ],
          },
        ],
      },
      "Type": "AWS::IAM::Role",
    },
    "SsmParameterSsmPutParameterValueFunctionServiceRoleDefaultPolicyF7CBFD89": Object {
      "Properties": Object {
        "PolicyDocument": Object {
          "Statement": Array [
            Object {
              "Action": Array [
                "ssm:DeleteParameter",
                "ssm:PutParameter",
              ],
              "Effect": "Allow",
              "Resource": "*",
              "Sid": "SsmPutParameterActions",
            },
            Object {
              "Action": "sts:AssumeRole",
              "Effect": "Allow",
              "Resource": "arn:aws:iam::111111111111:role/AWSAccelerator-VpcPeeringRole-222222222222",
              "Sid": "StsAssumeRoleActions",
            },
          ],
          "Version": "2012-10-17",
        },
        "PolicyName": "SsmParameterSsmPutParameterValueFunctionServiceRoleDefaultPolicyF7CBFD89",
        "Roles": Array [
          Object {
            "Ref": "SsmParameterSsmPutParameterValueFunctionServiceRoleA6975135",
          },
        ],
      },
      "Type": "AWS::IAM::Policy",
    },
  },
}
`;
