// Jest Snapshot v1, https://goo.gl/fbAQLP

exports[`Secure S3 Bucket Snapshot Test 1`] = `
Object {
  "Parameters": Object {
    "AssetParameters00f2465b209575c44977ca8ff1c81d86d002849272ede5a8a90ac87dfff1e494ArtifactHashC2E6E6C0": Object {
      "Description": "Artifact hash for asset \\"00f2465b209575c44977ca8ff1c81d86d002849272ede5a8a90ac87dfff1e494\\"",
      "Type": "String",
    },
    "AssetParameters00f2465b209575c44977ca8ff1c81d86d002849272ede5a8a90ac87dfff1e494S3Bucket33B61C3E": Object {
      "Description": "S3 bucket for asset \\"00f2465b209575c44977ca8ff1c81d86d002849272ede5a8a90ac87dfff1e494\\"",
      "Type": "String",
    },
    "AssetParameters00f2465b209575c44977ca8ff1c81d86d002849272ede5a8a90ac87dfff1e494S3VersionKeyDE2514FF": Object {
      "Description": "S3 key for asset version \\"00f2465b209575c44977ca8ff1c81d86d002849272ede5a8a90ac87dfff1e494\\"",
      "Type": "String",
    },
  },
  "Resources": Object {
    "CustomS3AutoDeleteObjectsCustomResourceProviderHandler9D90184F": Object {
      "DependsOn": Array [
        "CustomS3AutoDeleteObjectsCustomResourceProviderRole3B1BD092",
      ],
      "Metadata": Object {
        "cfn_nag": Object {
          "rules_to_suppress": Array [
            Object {
              "id": "W58",
              "reason": "Lambda functions deployed through CDK have the required permission to write CloudWatch Logs. It uses custom policy instead of AWSLambdaBasicExecutionRole with more tighter permissions.",
            },
            Object {
              "id": "W89",
              "reason": "This function supports infrastructure deployment and is not deployed inside a VPC.",
            },
            Object {
              "id": "W92",
              "reason": "This function supports infrastructure deployment and does not require setting ReservedConcurrentExecutions.",
            },
          ],
        },
      },
      "Properties": Object {
        "Code": Object {
          "S3Bucket": Object {
            "Ref": "AssetParameters00f2465b209575c44977ca8ff1c81d86d002849272ede5a8a90ac87dfff1e494S3Bucket33B61C3E",
          },
          "S3Key": Object {
            "Fn::Join": Array [
              "",
              Array [
                Object {
                  "Fn::Select": Array [
                    0,
                    Object {
                      "Fn::Split": Array [
                        "||",
                        Object {
                          "Ref": "AssetParameters00f2465b209575c44977ca8ff1c81d86d002849272ede5a8a90ac87dfff1e494S3VersionKeyDE2514FF",
                        },
                      ],
                    },
                  ],
                },
                Object {
                  "Fn::Select": Array [
                    1,
                    Object {
                      "Fn::Split": Array [
                        "||",
                        Object {
                          "Ref": "AssetParameters00f2465b209575c44977ca8ff1c81d86d002849272ede5a8a90ac87dfff1e494S3VersionKeyDE2514FF",
                        },
                      ],
                    },
                  ],
                },
              ],
            ],
          },
        },
        "Description": Object {
          "Fn::Join": Array [
            "",
            Array [
              "Lambda function for auto-deleting objects in ",
              Object {
                "Ref": "SecureBucket747CD8C0",
              },
              " S3 bucket.",
            ],
          ],
        },
        "Handler": "__entrypoint__.handler",
        "MemorySize": 128,
        "Role": Object {
          "Fn::GetAtt": Array [
            "CustomS3AutoDeleteObjectsCustomResourceProviderRole3B1BD092",
            "Arn",
          ],
        },
        "Runtime": "nodejs12.x",
        "Timeout": 900,
      },
      "Type": "AWS::Lambda::Function",
    },
    "CustomS3AutoDeleteObjectsCustomResourceProviderRole3B1BD092": Object {
      "Properties": Object {
        "AssumeRolePolicyDocument": Object {
          "Statement": Array [
            Object {
              "Action": "sts:AssumeRole",
              "Effect": "Allow",
              "Principal": Object {
                "Service": "lambda.amazonaws.com",
              },
            },
          ],
          "Version": "2012-10-17",
        },
        "ManagedPolicyArns": Array [
          Object {
            "Fn::Sub": "arn:\${AWS::Partition}:iam::aws:policy/service-role/AWSLambdaBasicExecutionRole",
          },
        ],
      },
      "Type": "AWS::IAM::Role",
    },
    "SecureBucket747CD8C0": Object {
      "DeletionPolicy": "Delete",
      "Properties": Object {
        "BucketEncryption": Object {
          "ServerSideEncryptionConfiguration": Array [
            Object {
              "ServerSideEncryptionByDefault": Object {
                "KMSMasterKeyID": Object {
                  "Fn::GetAtt": Array [
                    "SecureBucketCmkB881412D",
                    "Arn",
                  ],
                },
                "SSEAlgorithm": "aws:kms",
              },
            },
          ],
        },
        "BucketName": "aws-accelerator-secure-bucket",
        "OwnershipControls": Object {
          "Rules": Array [
            Object {
              "ObjectOwnership": "BucketOwnerPreferred",
            },
          ],
        },
        "PublicAccessBlockConfiguration": Object {
          "BlockPublicAcls": true,
          "BlockPublicPolicy": true,
          "IgnorePublicAcls": true,
          "RestrictPublicBuckets": true,
        },
        "VersioningConfiguration": Object {
          "Status": "Enabled",
        },
      },
      "Type": "AWS::S3::Bucket",
      "UpdateReplacePolicy": "Delete",
    },
    "SecureBucketAutoDeleteObjectsCustomResource2AF5EBAB": Object {
      "DeletionPolicy": "Delete",
      "DependsOn": Array [
        "SecureBucketPolicy6374AC61",
      ],
      "Properties": Object {
        "BucketName": Object {
          "Ref": "SecureBucket747CD8C0",
        },
        "ServiceToken": Object {
          "Fn::GetAtt": Array [
            "CustomS3AutoDeleteObjectsCustomResourceProviderHandler9D90184F",
            "Arn",
          ],
        },
      },
      "Type": "Custom::S3AutoDeleteObjects",
      "UpdateReplacePolicy": "Delete",
    },
    "SecureBucketCmkAliasE1748931": Object {
      "Properties": Object {
        "AliasName": "alias/accelerator/installer/s3",
        "TargetKeyId": Object {
          "Fn::GetAtt": Array [
            "SecureBucketCmkB881412D",
            "Arn",
          ],
        },
      },
      "Type": "AWS::KMS::Alias",
    },
    "SecureBucketCmkB881412D": Object {
      "DeletionPolicy": "Retain",
      "Properties": Object {
        "Description": "AWS Accelerator Installer Bucket CMK",
        "EnableKeyRotation": true,
        "KeyPolicy": Object {
          "Statement": Array [
            Object {
              "Action": Array [
                "kms:Create*",
                "kms:Describe*",
                "kms:Enable*",
                "kms:List*",
                "kms:Put*",
                "kms:Update*",
                "kms:Revoke*",
                "kms:Disable*",
                "kms:Get*",
                "kms:Delete*",
                "kms:ScheduleKeyDeletion",
                "kms:CancelKeyDeletion",
                "kms:GenerateDataKey",
                "kms:TagResource",
                "kms:UntagResource",
              ],
              "Effect": "Allow",
              "Principal": Object {
                "AWS": Object {
                  "Fn::Join": Array [
                    "",
                    Array [
                      "arn:",
                      Object {
                        "Ref": "AWS::Partition",
                      },
                      ":iam::",
                      Object {
                        "Ref": "AWS::AccountId",
                      },
                      ":root",
                    ],
                  ],
                },
              },
              "Resource": "*",
            },
          ],
          "Version": "2012-10-17",
        },
      },
      "Type": "AWS::KMS::Key",
      "UpdateReplacePolicy": "Retain",
    },
    "SecureBucketPolicy6374AC61": Object {
      "Properties": Object {
        "Bucket": Object {
          "Ref": "SecureBucket747CD8C0",
        },
        "PolicyDocument": Object {
          "Statement": Array [
            Object {
              "Action": Array [
                "s3:GetBucket*",
                "s3:List*",
                "s3:DeleteObject*",
              ],
              "Effect": "Allow",
              "Principal": Object {
                "AWS": Object {
                  "Fn::GetAtt": Array [
                    "CustomS3AutoDeleteObjectsCustomResourceProviderRole3B1BD092",
                    "Arn",
                  ],
                },
              },
              "Resource": Array [
                Object {
                  "Fn::GetAtt": Array [
                    "SecureBucket747CD8C0",
                    "Arn",
                  ],
                },
                Object {
                  "Fn::Join": Array [
                    "",
                    Array [
                      Object {
                        "Fn::GetAtt": Array [
                          "SecureBucket747CD8C0",
                          "Arn",
                        ],
                      },
                      "/*",
                    ],
                  ],
                },
              ],
            },
            Object {
              "Action": "s3:PutObject",
              "Condition": Object {
                "StringNotEquals": Object {
                  "s3:x-amz-server-side-encryption": "aws:kms",
                },
              },
              "Effect": "Deny",
              "Principal": Object {
                "AWS": "*",
              },
              "Resource": Object {
                "Fn::Join": Array [
                  "",
                  Array [
                    Object {
                      "Fn::GetAtt": Array [
                        "SecureBucket747CD8C0",
                        "Arn",
                      ],
                    },
                    "/*",
                  ],
                ],
              },
              "Sid": "deny-non-encrypted-object-uploads",
            },
            Object {
              "Action": "s3:*",
              "Condition": Object {
                "Bool": Object {
                  "aws:SecureTransport": "false",
                },
              },
              "Effect": "Deny",
              "Principal": Object {
                "AWS": "*",
              },
              "Resource": Object {
                "Fn::Join": Array [
                  "",
                  Array [
                    Object {
                      "Fn::GetAtt": Array [
                        "SecureBucket747CD8C0",
                        "Arn",
                      ],
                    },
                    "/*",
                  ],
                ],
              },
              "Sid": "deny-insecure-connections",
            },
          ],
          "Version": "2012-10-17",
        },
      },
      "Type": "AWS::S3::BucketPolicy",
    },
  },
}
`;
